../Core/Src/main.c:74:10:sine	16	static
../Core/Src/main.c:79:6:sawtooth	4	static
../Core/Src/main.c:86:6:triangle	4	static
../Core/Src/main.c:101:6:HAL_TIM_PeriodElapsedCallback	16	static
../Core/Src/main.c:118:5:main	8	static
../Core/Src/main.c:175:6:SystemClock_Config	88	static
../Core/Src/main.c:222:13:MX_DAC1_Init	56	static
../Core/Src/main.c:276:13:MX_DAC2_Init	56	static
../Core/Src/main.c:323:13:MX_TIM6_Init	24	static
../Core/Src/main.c:361:13:MX_GPIO_Init	16	static
../Core/Src/main.c:381:6:Error_Handler	4	static,ignoring_inline_asm
